// Jest Snapshot v1, https://goo.gl/fbAQLP

exports[`parseFasta clears white spaces from the input 1`] = `
Array [
  Object {
    "header": ">sp|P05067|A4_HUMAN Amyloid-beta precursor protein OS=Homo sapiens OX=9606 GN=APP PE=1 SV=3",
    "value": "MLPGLALLLLAAWTARALEVPTDGNAGLLAEPQIAMFCGRLNMHMNVQNGKWDSDPSGTKTCIDTKEGILQYCQEVYPELQITNVVEANQPVTIQNWCKRGRKQCKTHPHFVIPYRCLVGEFVSDALLVPDKCKFLHQERMDVCETHLHWHTVAKETCSEKSTNLHDYGMLLPCGIDKFRGVEFVCCPLAEESDNVDSADAEEDDSDVWWGGADTDYADGSEDKVVEVAEEEEVAEVEEEEADDDEDDEDGDEVEEEAEEPYEEATERTTSIATTTTTTTESVEEVVREVCSEQAETGPCRAMISRWYFDVTEGKCAPFFYGGCGGNRNNFDTEEYCMAVCGSAMSQSLLKTTQEPLARDPVKLPTTAASTPDAVDKYLETPGDENEHAHFQKAKERLEAKHRERMSQVMREWEEAERQAKNLPKADKKAVIQHFQEKVESLEQEAANERQQLVETHMARVEAMLNDRRRLALENYITALQAVPPRPRHVFNMLKKYVRAEQKDRQHTLKHFEHVRMVDPKKAAQIRSQVMTHLRVIYERMNQSLSLLYNVPAVAEEIQDEVDELLQKEQNYSDDVLANMISEPRISYGNDALMPSLTETKTTVELLPVNGEFSLDDLQPWHSFGADSVPANTENEVEPVDARPAADRGLTTRPGSGLTNIKTEEISEVKMDAEFRHDSGYEVHHQKLVFFAEDVGSNKGAIIGLMVGGVVIATVIVITLVMLKKKQYTSIHHGVVEVDAAVTPEERHLSKMQQNGYENPTYKFFEQMQN",
  },
]
`;

exports[`parseFasta correctly parses a file with a single sequence 1`] = `
Array [
  Object {
    "header": ">gi|3318709|pdb|1A91|  Subunit C Of The F1fo Atp Synthase Of Escherichia Coli; Nmr, 10 Structures",
    "value": "MENLNMDLLYMAAAVMMGLAAIGAAIGIGILGGKFLEGAARQPDLIPLLRTQFFIVMGLVDAIPMIAVGLGLYVMFAVA",
  },
]
`;

exports[`parseFasta correctly parses a file with multiple sequences 1`] = `
Array [
  Object {
    "header": ">gi|1348912|gb|G26680|G26680 human STS STS_D11729.^Agi|1396336|gb|G27617|G27617 human STS SHGC-32648.",
    "value": "CGGACCAGACGGACACAGGGAGAAGCTAGTTTCTTTCATGTGATTGANATNATGACTCTACTCCTAAAAGGGAAAAANCAATATCCTTGTTTACAGAAGAGAAACAAACAAGCCCCACTCAGCTCAGTCACAGGAGAGANCACAGAAAGTCTTAGGATCATGANCTCTGAAAAAAAGAGAAACCTTATCTTTNCTTTGTGGTTCCTTTAAACACACTCACACACACTTGGTCAGAGATGCTGTGCTTCTTGGAAGCAAGGNCTCAAAGGCAAGGTGCACGCAGAGGGACGTTTGAGTCTGGGATGAAGCATGTNCGTATTATTTATATGATGGAATTTCACGTTTTTATGTNAAGCNTGACAACACCAGGCAGGTATGAGAGGAAAGCAAGGCCCGTCCATNGCTGTCCGTACNCTTACGGNTTGCTTGTNGGAGNCATTTNGGTATTGTTTGTTGTAANANCCAAAANGGGCTTTGGNNTGGNAAAAGGGCAGANNGGGGGGGTTGGTGTNGTTTTTTGGGGGGANNNTTTNGATTTGGTNCCGGGNTTTNGTTTNCCNCGGNACCGGNTTTTGGTTGGGGNCCATTTNTGNGGGGCNTTGGNGTTNCNTTNCCCNNNTNNGANTGGTTTNA",
  },
  Object {
    "header": ">gi|1348917|gb|G26685|G26685 human STS STS_D11734.",
    "value": "CGGAGCCAGCGAGCATATGCTGCATGAGGACCTTTCTATCTTACATTATGGCTGGGAATCTTACTCTTTCATCTGATACCTTGTTCAGATTTCAAAATAGTTGTAGCCTTATCCTGGTTTTACAGATGTGAAACTTTCAAGAGATTTACTGACTTTCCTAGAATAGTTTCTCTACTGGAAACCTGATGCTTTTATAAGCCATTGTGATTAGGATGACTGTTACAGGCTTAGCTTTGTGTGAAANCCAGTCACCTTTCTCCTAGGTAATGAGTAGTGCTGTTCATATTACTNTAAGTTCTATAGCATACTTGCNATCCTTTANCCATGCTTATCATANGTACCATTTGAGGAATTGNTTTGCCCTTTTGGGTTTNTTNTTGGTAAANNNTTCCCGGGTGGGGGNGGTNNNGAAA",
  },
  Object {
    "header": ">gi|1592936|gb|G29385|G29385 human STS SHGC-32652",
    "value": "GATCAAATCTGCACTGTGTCTACATATAGGAAAGGTCCTGGTGTGTGCTAATGTTCCCAATGCAGGACTTGAGGAAGAGCTCTGTTATATGTTTCCATTTCTCTTTATCAAAGATAACCAAACCTTATGGCCCTTATAACAATGGAGGCACTGGCTGCCTCTTAATTTTCAATCATGGACCTAAAGAAGTACTCTGAAGGGTCTCAACAATGCCAGGTGGGGACAGATATACTCAGAGATTATCCAGGTCTGCCTCCCAGCGAGCCTGGAGTACACCAGACCCTCCTAGAGAAATCTGTTATAATTTACCACCCACTTATCCACCTTTAAACTTGGGGAAGGNNGCNTTTCAAATTAAATTTAATCNTNGGGGGNTTTTAAACTTTAACCCTTTTNCCNTTNTNGGGGTNGGNANTTGNCCCCNTTAAAGGGGGNNCCCCTNCNNGGGGGAATAAAACAANTTNNTTTTTT",
  },
]
`;

exports[`parseFasta ignores blank lines in the input 1`] = `
Array [
  Object {
    "header": ">gi|1348912|gb|G26680|G26680 human STS STS_D11729.^Agi|1396336|gb|G27617|G27617 human STS SHGC-32648.",
    "value": "CGGACCAGACGGACACAGGGAGAAGCTAGTTTCTTTCATGTGATTGANATNATGACTCTACTCCTAAAAGGGAAAAANCAATATCCTTGTTTACAGAAGAGAAACAAACAAGCCCCACTCAGCTCAGTCACAGGAGAGANCACAGAAAGTCTTAGGATCATGANCTCTGAAAAAAAGAGAAACCTTATCTTTNCTTTGTGGTTCCTTTAAACACACTCACACACACTTGGTCAGAGATGCTGTGCTTCTTGGAAGCAAGGNCTCAAAGGCAAGGTGCACGCAGAGGGACGTTTGAGTCTGGGATGAAGCATGTNCGTATTATTTATATGATGGAATTTCACGTTTTTATGTNAAGCNTGACAACACCAGGCAGGTATGAGAGGAAAGCAAGGCCCGTCCATNGCTGTCCGTACNCTTACGGNTTGCTTGTNGGAGNCATTTNGGTATTGTTTGTTGTAANANCCAAAANGGGCTTTGGNNTGGNAAAAGGGCAGANNGGGGGGGTTGGTGTNGTTTTTTGGGGGGANNNTTTNGATTTGGTNCCGGGNTTTNGTTTNCCNCGGNACCGGNTTTTGGTTGGGGNCCATTTNTGNGGGGCNTTGGNGTTNCNTTNCCCNNNTNNGANTGGTTTNA",
  },
  Object {
    "header": ">gi|1348917|gb|G26685|G26685 human STS STS_D11734.",
    "value": "CGGAGCCAGCGAGCATATGCTGCATGAGGACCTTTCTATCTTACATTATGGCTGGGAATCTTACTCTTTCATCTGATACCTTGTTCAGATTTCAAAATAGTTGTAGCCTTATCCTGGTTTTACAGATGTGAAACTTTCAAGAGATTTACTGACTTTCCTAGAATAGTTTCTCTACTGGAAACCTGATGCTTTTATAAGCCATTGTGATTAGGATGACTGTTACAGGCTTAGCTTTGTGTGAAANCCAGTCACCTTTCTCCTAGGTAATGAGTAGTGCTGTTCATATTACTNTAAGTTCTATAGCATACTTGCNATCCTTTANCCATGCTTATCATANGTACCATTTGAGGAATTGNTTTGCCCTTTTGGGTTTNTTNTTGGTAAANNNTTCCCGGGTGGGGGNGGTNNNGAAA",
  },
  Object {
    "header": ">gi|1592936|gb|G29385|G29385 human STS SHGC-32652",
    "value": "GATCAAATCTGCACTGTGTCTACATATAGGAAAGGTCCTGGTGTGTGCTAATGTTCCCAATGCAGGACTTGAGGAAGAGCTCTGTTATATGTTTCCATTTCTCTTTATCAAAGATAACCAAACCTTATGGCCCTTATAACAATGGAGGCACTGGCTGCCTCTTAATTTTCAATCATGGACCTAAAGAAGTACTCTGAAGGGTCTCAACAATGCCAGGTGGGGACAGATATACTCAGAGATTATCCAGGTCTGCCTCCCAGCGAGCCTGGAGTACACCAGACCCTCCTAGAGAAATCTGTTATAATTTACCACCCACTTATCCACCTTTAAACTTGGGGAAGGNNGCNTTTCAAATTAAATTTAATCNTNGGGGGNTTTTAAACTTTAACCCTTTTNCCNTTNTNGGGGTNGGNANTTGNCCCCNTTAAAGGGGGNNCCCCTNCNNGGGGGAATAAAACAANTTNNTTTTTT",
  },
]
`;
