// Jest Snapshot v1, https://goo.gl/fbAQLP

exports[`<Root /> renders correctly 1`] = `
<BrowserRouter>
  <StrictMode>
    <Header />
    <withRouter(Connect(Content)) />
  </StrictMode>
</BrowserRouter>
`;
