// Jest Snapshot v1, https://goo.gl/fbAQLP

exports[`<BrowserNavIcon /> renders correctly 1`] = `
<dd
  className="browserNavIcon"
>
  <button
    onClick={[Function]}
    title="navigate up"
  >
    <img
      alt="navigate up"
      src={Object {}}
    />
  </button>
</dd>
`;
