// Jest Snapshot v1, https://goo.gl/fbAQLP

exports[`<BrowserBar /> renders correctly 1`] = `undefined`;
