// Jest Snapshot v1, https://goo.gl/fbAQLP

exports[`<LaunchbarIcon /> renders correctly 1`] = `
<Link
  replace={false}
  to="/app/about"
>
  <img
    alt="about ensembl"
    src="/assets/img/launchbar/ensembl-selected.svg"
    title="about ensembl"
  />
</Link>
`;
