// Jest Snapshot v1, https://goo.gl/fbAQLP

exports[`<Root /> renders correctly 1`] = `
<BrowserRouter>
  <StrictMode>
    <React.Memo />
    <withRouter(Connect(Component)) />
  </StrictMode>
</BrowserRouter>
`;
